<?xml version='1.0' encoding='UTF-8'?><osm version="0.6" generator="osm-fetch"><node id="1234" changeset="13368155" timestamp="2012-10-05T03:00:00Z" version="3" visible="true" user="Bleuet Mapper" uid="762332" lat="48.9198889" lon="-71.6481385"/><way id="4321" changeset="13368155" timestamp="2012-10-05T02:00:00Z" version="1" visible="true" user="Bleuet Mapper" uid="762332"><nd ref="1234"/></way><relation id="1234" changeset="13368155" timestamp="2012-10-05T03:00:00Z" version="1" visible="true" user="Bleuet Mapper" uid="762332"><member type="way" ref="4321" role="outer"/><tag k="natural" v="wetland"/><tag k="source" v="NRCan-CanVec-10.0"/></relation></osm>
